
> simple-ecommerce-backend@1.0.0 test
> jest --detectOpenHandles

node.exe : FAIL tests/auth.test.js
At line:1 char:1
+ & "C:\Program Files\nodejs/node.exe" "C:\Program Files\nodejs/node_mo ...
+ ~~~~~~~~~~~~~~~~~~~~~~~~~~~~~~~~~~~~~~~~~~~~~~~~~~~~~~~~~~~~~~~~~~~~~
    + CategoryInfo          : NotSpecified: (FAIL tests/auth.test.js:String) [ 
   ], RemoteException
    + FullyQualifiedErrorId : NativeCommandError
 
  Auth API
    POST /api/v1/auth/register
      ├ù should register a new user (305 ms)
      ├ù should not register user with existing email (71 ms)
    POST /api/v1/auth/login
      ├ù should login with correct credentials (174 ms)
      ΓêÜ should not login with incorrect password (93 ms)

  ΓùÅ Auth API ΓÇ║ POST /api/v1/auth/register ΓÇ║ should register a new user

    expect(received).toEqual(expected) // deep equality

    Expected: 201
    Received: 404

    [0m [90m 32 |[39m                 })[33m;[39m
     [90m 33 |[39m
    [31m[1m>[22m[39m[90m 34 |[39m             
expect(res[33m.[39mstatusCode)[33m.[39mtoEqual([35m201[39m)[33m;[39m
     [90m    |[39m                                    [31m[1m^[22m[39m
     [90m 35 |[39m             expect(res[33m.[39mbody)[33m.[39mtoHavePro
perty([32m'token'[39m)[33m;[39m
     [90m 36 |[39m             expect(res[33m.[39mbody[33m.[39mdata[33m.
[39muser)[33m.[39mtoHaveProperty([32m'email'[39m[33m,[39m 
[32m'test@example.com'[39m)[33m;[39m
     [90m 37 |[39m         })[33m;[39m[0m

      at Object.toEqual (tests/auth.test.js:34:36)

  ΓùÅ Auth API ΓÇ║ POST /api/v1/auth/register ΓÇ║ should not register user 
with existing email

    ValidationError: User validation failed: phone: Please add a phone number

      at model.Document.invalidate 
(node_modules/mongoose/lib/document.js:3373:32)
      at node_modules/mongoose/lib/document.js:3134:17
      at node_modules/mongoose/lib/schemaType.js:1446:9

  ΓùÅ Auth API ΓÇ║ POST /api/v1/auth/login ΓÇ║ should login with correct 
credentials

    expect(received).toEqual(expected) // deep equality

    Expected: 200
    Received: 401

    [0m [90m 77 |[39m                 })[33m;[39m
     [90m 78 |[39m
    [31m[1m>[22m[39m[90m 79 |[39m             
expect(res[33m.[39mstatusCode)[33m.[39mtoEqual([35m200[39m)[33m;[39m
     [90m    |[39m                                    [31m[1m^[22m[39m
     [90m 80 |[39m             expect(res[33m.[39mbody)[33m.[39mtoHavePro
perty([32m'token'[39m)[33m;[39m
     [90m 81 |[39m         })[33m;[39m
     [90m 82 |[39m[0m

      at Object.toEqual (tests/auth.test.js:79:36)

Test Suites: 1 failed, 1 total
Tests:       3 failed, 1 passed, 4 total
Snapshots:   0 total
Time:        4.513 s, estimated 7 s
Ran all test suites.
